// Jest Snapshot v1, https://goo.gl/fbAQLP

exports[`"crossOrigin" option should not work by default: errors 1`] = `Array []`;

exports[`"crossOrigin" option should not work by default: module 1`] = `
"export default function() {
  return new Worker(__webpack_public_path__ + \\"test.worker.js\\");
}
"
`;

exports[`"crossOrigin" option should not work by default: result 1`] = `"{\\"postMessage\\":true,\\"onmessage\\":true}"`;

exports[`"crossOrigin" option should not work by default: warnings 1`] = `Array []`;

exports[`"crossOrigin" option should work with crossOrigin enabled and "esModule" with "false" value: errors 1`] = `Array []`;

exports[`"crossOrigin" option should work with crossOrigin enabled and "esModule" with "false" value: result 1`] = `"{\\"postMessage\\":true,\\"onmessage\\":true}"`;

exports[`"crossOrigin" option should work with crossOrigin enabled and "esModule" with "false" value: warnings 1`] = `Array []`;

exports[`"crossOrigin" option should work with crossOrigin enabled and "esModule" with "true" value: errors 1`] = `Array []`;

exports[`"crossOrigin" option should work with crossOrigin enabled and "esModule" with "true" value: result 1`] = `"{\\"postMessage\\":true,\\"onmessage\\":true}"`;

exports[`"crossOrigin" option should work with crossOrigin enabled and "esModule" with "true" value: warnings 1`] = `Array []`;

exports[`"crossOrigin" option should work with crossOrigin enabled: errors 1`] = `Array []`;

exports[`"crossOrigin" option should work with crossOrigin enabled: result 1`] = `"{\\"postMessage\\":true,\\"onmessage\\":true}"`;

exports[`"crossOrigin" option should work with crossOrigin enabled: warnings 1`] = `Array []`;
