// Jest Snapshot v1, https://goo.gl/fbAQLP

exports[`"name" option should work: errors 1`] = `Array []`;

exports[`"name" option should work: module 1`] = `
"module.exports = function() {
  return new Worker(__webpack_public_path__ + \\"my-custom-name.js\\");
};"
`;

exports[`"name" option should work: result 1`] = `"{\\"postMessage\\":true,\\"onmessage\\":true}"`;

exports[`"name" option should work: warnings 1`] = `Array []`;
